<?xml version="1.0" encoding="UTF-8"?>
<testsuites name="jest tests" tests="44" failures="0" errors="0" time="76.444">
  <testsuite name="Section 6 — E2E: Agents lifecycle with mongodb-memory-server" errors="0" failures="0" skipped="0" timestamp="2025-09-19T00:53:29" time="35.262" tests="12">
    <testcase classname="Section 6 — E2E: Agents lifecycle with mongodb-memory-server 1) Boot and readiness should ensure app readiness and basic health check" name="Section 6 — E2E: Agents lifecycle with mongodb-memory-server 1) Boot and readiness should ensure app readiness and basic health check" time="0.121">
    </testcase>
    <testcase classname="Section 6 — E2E: Agents lifecycle with mongodb-memory-server 2) Create agent returns 201 and normalized shape should create agent with 201 and normalized response" name="Section 6 — E2E: Agents lifecycle with mongodb-memory-server 2) Create agent returns 201 and normalized shape should create agent with 201 and normalized response" time="0.061">
    </testcase>
    <testcase classname="Section 6 — E2E: Agents lifecycle with mongodb-memory-server 3) Get agent by id returns the same normalized agent should return the same agent when retrieved by ID" name="Section 6 — E2E: Agents lifecycle with mongodb-memory-server 3) Get agent by id returns the same normalized agent should return the same agent when retrieved by ID" time="0.018">
    </testcase>
    <testcase classname="Section 6 — E2E: Agents lifecycle with mongodb-memory-server 4) List agents scoped by userId should return only user1 agents when filtered by userId" name="Section 6 — E2E: Agents lifecycle with mongodb-memory-server 4) List agents scoped by userId should return only user1 agents when filtered by userId" time="0.027">
    </testcase>
    <testcase classname="Section 6 — E2E: Agents lifecycle with mongodb-memory-server 5) Update (reconfigure) merges settings and preserves defaults should merge settings while preserving defaults" name="Section 6 — E2E: Agents lifecycle with mongodb-memory-server 5) Update (reconfigure) merges settings and preserves defaults should merge settings while preserving defaults" time="0.029">
    </testcase>
    <testcase classname="Section 6 — E2E: Agents lifecycle with mongodb-memory-server 6) Execute (non-stream) returns 200 and success payload should execute agent and return deterministic response" name="Section 6 — E2E: Agents lifecycle with mongodb-memory-server 6) Execute (non-stream) returns 200 and success payload should execute agent and return deterministic response" time="0.021">
    </testcase>
    <testcase classname="Section 6 — E2E: Agents lifecycle with mongodb-memory-server 7) Delete is idempotent should delete agent successfully twice without throwing 404" name="Section 6 — E2E: Agents lifecycle with mongodb-memory-server 7) Delete is idempotent should delete agent successfully twice without throwing 404" time="0.037">
    </testcase>
    <testcase classname="Section 6 — E2E: Agents lifecycle with mongodb-memory-server 8) Model/provider info endpoints should return Groq llama models from models endpoint" name="Section 6 — E2E: Agents lifecycle with mongodb-memory-server 8) Model/provider info endpoints should return Groq llama models from models endpoint" time="0.012">
    </testcase>
    <testcase classname="Section 6 — E2E: Agents lifecycle with mongodb-memory-server 8) Model/provider info endpoints should return providers list" name="Section 6 — E2E: Agents lifecycle with mongodb-memory-server 8) Model/provider info endpoints should return providers list" time="0.014">
    </testcase>
    <testcase classname="Section 6 — E2E: Agents lifecycle with mongodb-memory-server 9) Error handling: missing fields and invalid combos should return 400 for missing required fields" name="Section 6 — E2E: Agents lifecycle with mongodb-memory-server 9) Error handling: missing fields and invalid combos should return 400 for missing required fields" time="0.014">
    </testcase>
    <testcase classname="Section 6 — E2E: Agents lifecycle with mongodb-memory-server 9) Error handling: missing fields and invalid combos should return error for invalid model-provider combo" name="Section 6 — E2E: Agents lifecycle with mongodb-memory-server 9) Error handling: missing fields and invalid combos should return error for invalid model-provider combo" time="0.014">
    </testcase>
    <testcase classname="Section 6 — E2E: Agents lifecycle with mongodb-memory-server 9) Error handling: missing fields and invalid combos should return 400 for malformed execute payload" name="Section 6 — E2E: Agents lifecycle with mongodb-memory-server 9) Error handling: missing fields and invalid combos should return 400 for malformed execute payload" time="0.017">
    </testcase>
  </testsuite>
  <testsuite name="Assistants API Direct Test" errors="0" failures="0" skipped="0" timestamp="2025-09-19T00:54:04" time="3.303" tests="7">
    <testcase classname="Assistants API Direct Test Agent and Assistant E2E Workflow should complete full lifecycle - create assistant with Groq/Llama" name="Assistants API Direct Test Agent and Assistant E2E Workflow should complete full lifecycle - create assistant with Groq/Llama" time="0.074">
    </testcase>
    <testcase classname="Assistants API Direct Test Agent and Assistant E2E Workflow should verify Groq model availability and configuration" name="Assistants API Direct Test Agent and Assistant E2E Workflow should verify Groq model availability and configuration" time="0.017">
    </testcase>
    <testcase classname="Assistants API Direct Test Agent and Assistant E2E Workflow should handle multiple concurrent conversations" name="Assistants API Direct Test Agent and Assistant E2E Workflow should handle multiple concurrent conversations" time="0.042">
    </testcase>
    <testcase classname="Assistants API Direct Test Agent and Assistant E2E Workflow should monitor infrastructure status during agent execution" name="Assistants API Direct Test Agent and Assistant E2E Workflow should monitor infrastructure status during agent execution" time="0.071">
    </testcase>
    <testcase classname="Assistants API Direct Test Agent and Assistant E2E Workflow should handle error scenarios gracefully" name="Assistants API Direct Test Agent and Assistant E2E Workflow should handle error scenarios gracefully" time="0.031">
    </testcase>
    <testcase classname="Assistants API Direct Test Agent Configuration Validation should validate Groq/Llama model configuration" name="Assistants API Direct Test Agent Configuration Validation should validate Groq/Llama model configuration" time="0.023">
    </testcase>
    <testcase classname="Assistants API Direct Test Agent Configuration Validation should test memory configuration options" name="Assistants API Direct Test Agent Configuration Validation should test memory configuration options" time="0.029">
    </testcase>
  </testsuite>
  <testsuite name="Assistants Streaming E2E" errors="0" failures="0" skipped="0" timestamp="2025-09-19T00:54:08" time="0.63" tests="1">
    <testcase classname="Assistants Streaming E2E should stream assistant execution chunks and complete" name="Assistants Streaming E2E should stream assistant execution chunks and complete" time="0.097">
    </testcase>
  </testsuite>
  <testsuite name="Assistants Basic E2E Test" errors="0" failures="0" skipped="0" timestamp="2025-09-19T00:54:09" time="31.007" tests="5">
    <testcase classname="Assistants Basic E2E Test Basic Assistant Operations should create an assistant with Groq configuration" name="Assistants Basic E2E Test Basic Assistant Operations should create an assistant with Groq configuration" time="0.28">
    </testcase>
    <testcase classname="Assistants Basic E2E Test Basic Assistant Operations should execute assistant and get response" name="Assistants Basic E2E Test Basic Assistant Operations should execute assistant and get response" time="0.174">
    </testcase>
    <testcase classname="Assistants Basic E2E Test Basic Assistant Operations should list assistants" name="Assistants Basic E2E Test Basic Assistant Operations should list assistants" time="0.031">
    </testcase>
    <testcase classname="Assistants Basic E2E Test Basic Assistant Operations should retrieve Groq models" name="Assistants Basic E2E Test Basic Assistant Operations should retrieve Groq models" time="0.016">
    </testcase>
    <testcase classname="Assistants Basic E2E Test Error Handling should handle non-existent assistant gracefully" name="Assistants Basic E2E Test Error Handling should handle non-existent assistant gracefully" time="0.028">
    </testcase>
  </testsuite>
  <testsuite name="Agents E2E Streaming" errors="0" failures="0" skipped="0" timestamp="2025-09-19T00:54:40" time="2.415" tests="7">
    <testcase classname="Agents E2E Streaming 1) streams with correct headers and 200 OK should return correct streaming headers and 200 status" name="Agents E2E Streaming 1) streams with correct headers and 200 OK should return correct streaming headers and 200 status" time="0.093">
    </testcase>
    <testcase classname="Agents E2E Streaming 2) chunks arrive in order and without buffering should receive chunks incrementally in correct order" name="Agents E2E Streaming 2) chunks arrive in order and without buffering should receive chunks incrementally in correct order" time="0.172">
    </testcase>
    <testcase classname="Agents E2E Streaming 3) finalization metadata is emitted should emit final event with usage and stop reason" name="Agents E2E Streaming 3) finalization metadata is emitted should emit final event with usage and stop reason" time="0.081">
    </testcase>
    <testcase classname="Agents E2E Streaming 4) client abort stops server stream quickly should handle client connection close gracefully" name="Agents E2E Streaming 4) client abort stops server stream quickly should handle client connection close gracefully" time="0.47">
    </testcase>
    <testcase classname="Agents E2E Streaming 5) server-side abort during run should handle server-initiated abort cleanly" name="Agents E2E Streaming 5) server-side abort during run should handle server-initiated abort cleanly" time="0.069">
    </testcase>
    <testcase classname="Agents E2E Streaming 6) error mid-stream provides error event and closes should handle provider errors during streaming" name="Agents E2E Streaming 6) error mid-stream provides error event and closes should handle provider errors during streaming" time="0.086">
    </testcase>
    <testcase classname="Agents E2E Streaming 7) slow producer/backpressure tolerance should handle slow streaming without connection reset" name="Agents E2E Streaming 7) slow producer/backpressure tolerance should handle slow streaming without connection reset" time="0.658">
    </testcase>
  </testsuite>
  <testsuite name="Agents and Assistants E2E Tests - Complete Workflow" errors="0" failures="0" skipped="0" timestamp="2025-09-19T00:54:42" time="1.28" tests="12">
    <testcase classname="Agents and Assistants E2E Tests - Complete Workflow 🚀 Complete Agent Lifecycle with Groq/Llama Models should create a ReAct assistant with Groq Llama configuration" name="Agents and Assistants E2E Tests - Complete Workflow 🚀 Complete Agent Lifecycle with Groq/Llama Models should create a ReAct assistant with Groq Llama configuration" time="0.049">
    </testcase>
    <testcase classname="Agents and Assistants E2E Tests - Complete Workflow 🚀 Complete Agent Lifecycle with Groq/Llama Models should execute ReAct agent and receive intelligent response" name="Agents and Assistants E2E Tests - Complete Workflow 🚀 Complete Agent Lifecycle with Groq/Llama Models should execute ReAct agent and receive intelligent response" time="0.058">
    </testcase>
    <testcase classname="Agents and Assistants E2E Tests - Complete Workflow 🚀 Complete Agent Lifecycle with Groq/Llama Models should handle complex reasoning tasks step-by-step" name="Agents and Assistants E2E Tests - Complete Workflow 🚀 Complete Agent Lifecycle with Groq/Llama Models should handle complex reasoning tasks step-by-step" time="0.044">
    </testcase>
    <testcase classname="Agents and Assistants E2E Tests - Complete Workflow 🚀 Complete Agent Lifecycle with Groq/Llama Models should maintain conversation context across multiple interactions" name="Agents and Assistants E2E Tests - Complete Workflow 🚀 Complete Agent Lifecycle with Groq/Llama Models should maintain conversation context across multiple interactions" time="0.07">
    </testcase>
    <testcase classname="Agents and Assistants E2E Tests - Complete Workflow 🚀 Complete Agent Lifecycle with Groq/Llama Models should handle concurrent conversations without interference" name="Agents and Assistants E2E Tests - Complete Workflow 🚀 Complete Agent Lifecycle with Groq/Llama Models should handle concurrent conversations without interference" time="0.05">
    </testcase>
    <testcase classname="Agents and Assistants E2E Tests - Complete Workflow 🔍 Infrastructure Monitoring and Error Detection should monitor agent infrastructure during execution" name="Agents and Assistants E2E Tests - Complete Workflow 🔍 Infrastructure Monitoring and Error Detection should monitor agent infrastructure during execution" time="0.096">
    </testcase>
    <testcase classname="Agents and Assistants E2E Tests - Complete Workflow 🔍 Infrastructure Monitoring and Error Detection should detect and handle error scenarios gracefully" name="Agents and Assistants E2E Tests - Complete Workflow 🔍 Infrastructure Monitoring and Error Detection should detect and handle error scenarios gracefully" time="0.075">
    </testcase>
    <testcase classname="Agents and Assistants E2E Tests - Complete Workflow ⚙️  Groq Model Configuration and Validation should retrieve and validate available Groq models" name="Agents and Assistants E2E Tests - Complete Workflow ⚙️  Groq Model Configuration and Validation should retrieve and validate available Groq models" time="0.015">
    </testcase>
    <testcase classname="Agents and Assistants E2E Tests - Complete Workflow ⚙️  Groq Model Configuration and Validation should validate different Llama model configurations" name="Agents and Assistants E2E Tests - Complete Workflow ⚙️  Groq Model Configuration and Validation should validate different Llama model configurations" time="0.041">
    </testcase>
    <testcase classname="Agents and Assistants E2E Tests - Complete Workflow ⚙️  Groq Model Configuration and Validation should test memory configurations for ReAct agents" name="Agents and Assistants E2E Tests - Complete Workflow ⚙️  Groq Model Configuration and Validation should test memory configurations for ReAct agents" time="0.065">
    </testcase>
    <testcase classname="Agents and Assistants E2E Tests - Complete Workflow ⚙️  Groq Model Configuration and Validation should verify provider availability" name="Agents and Assistants E2E Tests - Complete Workflow ⚙️  Groq Model Configuration and Validation should verify provider availability" time="0.013">
    </testcase>
    <testcase classname="Agents and Assistants E2E Tests - Complete Workflow 🎯 End-to-End Agent Workflow Validation should complete comprehensive agent creation-to-execution pipeline" name="Agents and Assistants E2E Tests - Complete Workflow 🎯 End-to-End Agent Workflow Validation should complete comprehensive agent creation-to-execution pipeline" time="0.077">
    </testcase>
  </testsuite>
</testsuites>